loadI 1024 => r0
loadI 5 => r1
storeAI r1 => r0, 0
loadI 1 => r2
loadI 2 => r3
loadAI r0, 0 => r4
add r3, r4 => r5
add r2, r5 => r6
loadI 5 => r7
mult r6, r7 => r8
loadI 8 => r9
sub r8, r9 => r10
storeAI r10 => r0, 4
outputAI r0, 4
